3.217600e+04  
0.000000e+00  
0.000000e+00  
0.000000e+00  
0.000000e+00  
0.000000e+00  
0.000000e+00  
0.000000e+00  
0.000000e+00  
0.000000e+00  
0.000000e+00  
0.000000e+00  
0.000000e+00  
0.000000e+00  
0.000000e+00  
0.000000e+00  
1.000000e+00  
1.000000e+00  
1.000000e+00  
1.000000e+00  
1.000000e+00  
1.000000e+00  
1.000000e+00  
1.000000e+00  
1.000000e+00  
1.000000e+00  
1.000000e+00  
1.000000e+00  
1.000000e+00  
1.000000e+00  
1.000000e+00  
1.000000e+00  
0.000000e+00  
-1.556257e+03  
0.000000e+00  
-1.042783e+03  
0.000000e+00  
-5.724320e+02  
0.000000e+00  
-1.259072e+02  
0.000000e+00  
1.259054e+02  
0.000000e+00  
5.724309e+02  
0.000000e+00  
1.042783e+03  
0.000000e+00  
1.556260e+03  
2.112000e+03  
4.212146e+03  
-2.510606e+03  
3.096022e+02  
5.320001e+02  
-1.840003e+02  
6.365356e+01  
-3.997019e+02  
-9.080000e+02  
-4.769509e+02  
-5.193939e+02  
9.546962e+02  
-3.080001e+02  
-1.791950e+02  
2.162346e+03  
-2.892596e+03  
