3.217600e+04  
0.000000e+00  
0.000000e+00  
0.000000e+00  
0.000000e+00  
0.000000e+00  
0.000000e+00  
0.000000e+00  
0.000000e+00  
0.000000e+00  
0.000000e+00  
0.000000e+00  
0.000000e+00  
0.000000e+00  
0.000000e+00  
0.000000e+00  
1.000000e+00  
1.000000e+00  
1.000000e+00  
1.000000e+00  
1.000000e+00  
1.000000e+00  
1.000000e+00  
1.000000e+00  
1.000000e+00  
1.000000e+00  
1.000000e+00  
1.000000e+00  
1.000000e+00  
1.000000e+00  
1.000000e+00  
1.000000e+00  
0.000000e+00  
-3.095583e+02  
0.000000e+00  
1.560636e+03  
0.000000e+00  
-8.567042e+02  
0.000000e+00  
2.504492e+01  
0.000000e+00  
-6.329711e+02  
0.000000e+00  
3.824861e+02  
0.000000e+00  
-6.967664e+02  
0.000000e+00  
7.823833e+03  
5.520000e+02  
8.697477e+02  
1.164104e+03  
-3.778723e+01  
3.999994e+01  
6.132667e+02  
2.618257e+02  
6.339840e+02  
4.800000e+01  
-4.168193e+02  
-9.261038e+02  
1.929208e+02  
-5.839999e+02  
-1.461955e+02  
-4.198261e+02  
-1.381117e+03  
