0.000000e+00  
-1.556257e+03  
0.000000e+00  
-1.042783e+03  
0.000000e+00  
-5.724320e+02  
0.000000e+00  
-1.259072e+02  
0.000000e+00  
1.259054e+02  
0.000000e+00  
5.724309e+02  
0.000000e+00  
1.042783e+03  
0.000000e+00  
1.556260e+03  
