0.000000e+00  
-3.095583e+02  
0.000000e+00  
1.560636e+03  
0.000000e+00  
-8.567042e+02  
0.000000e+00  
2.504492e+01  
0.000000e+00  
-6.329711e+02  
0.000000e+00  
3.824861e+02  
0.000000e+00  
-6.967664e+02  
0.000000e+00  
7.823833e+03  
