32176  
0  
0  
0  
0  
0  
0  
0  
0  
0  
0  
0  
0  
0  
0  
0  
1  
1  
1  
1  
1  
1  
1  
1  
1  
1  
1  
1  
1  
1  
1  
1  
0  
-1501  
0  
-951  
0  
-526  
0  
-76  
0  
121  
0  
519  
0  
974  
0  
1440  
2112  
4126  
-2477  
279  
523  
-183  
85  
-413  
-908  
-458  
-505  
921  
-299  
-165  
2093  
-2763  
