0  
-316  
0  
1543  
0  
-821  
0  
163  
0  
-592  
0  
453  
0  
-655  
0  
7521  
