0  
-1501  
0  
-951  
0  
-526  
0  
-76  
0  
121  
0  
519  
0  
974  
0  
1440  
